<testsuites id="" name="" tests="3" failures="2" skipped="0" errors="0" time="31.239672000050543">
<testsuite name="UploadFiles.spec.js" timestamp="2024-11-15T05:53:25.823Z" hostname="chromium" tests="1" failures="0" skipped="0" time="13.664" errors="0">
<testcase name="Multiple Files" classname="UploadFiles.spec.js" time="13.664">
</testcase>
</testsuite>
</testsuites>